Archive member included to satisfy reference by file (symbol)

C:/ST/STM32CubeIDE_1.15.0/STM32CubeIDE/plugins/com.st.stm32cube.ide.mcu.externaltools.gnu-tools-for-stm32.12.3.rel1.win32_1.0.100.202403111256/tools/bin/../lib/gcc/arm-none-eabi/12.3.1/../../../../arm-none-eabi/lib/thumb/v7e-m+fp/hard\libc_nano.a(libc_a-exit.o)
                              C:/ST/STM32CubeIDE_1.15.0/STM32CubeIDE/plugins/com.st.stm32cube.ide.mcu.externaltools.gnu-tools-for-stm32.12.3.rel1.win32_1.0.100.202403111256/tools/bin/../lib/gcc/arm-none-eabi/12.3.1/../../../../arm-none-eabi/lib/thumb/v7e-m+fp/hard/crt0.o (exit)
C:/ST/STM32CubeIDE_1.15.0/STM32CubeIDE/plugins/com.st.stm32cube.ide.mcu.externaltools.gnu-tools-for-stm32.12.3.rel1.win32_1.0.100.202403111256/tools/bin/../lib/gcc/arm-none-eabi/12.3.1/../../../../arm-none-eabi/lib/thumb/v7e-m+fp/hard\libc_nano.a(libc_a-malloc.o)
                              ./Core/Src/cutter.o (malloc)
C:/ST/STM32CubeIDE_1.15.0/STM32CubeIDE/plugins/com.st.stm32cube.ide.mcu.externaltools.gnu-tools-for-stm32.12.3.rel1.win32_1.0.100.202403111256/tools/bin/../lib/gcc/arm-none-eabi/12.3.1/../../../../arm-none-eabi/lib/thumb/v7e-m+fp/hard\libc_nano.a(libc_a-mallocr.o)
                              C:/ST/STM32CubeIDE_1.15.0/STM32CubeIDE/plugins/com.st.stm32cube.ide.mcu.externaltools.gnu-tools-for-stm32.12.3.rel1.win32_1.0.100.202403111256/tools/bin/../lib/gcc/arm-none-eabi/12.3.1/../../../../arm-none-eabi/lib/thumb/v7e-m+fp/hard\libc_nano.a(libc_a-malloc.o) (_malloc_r)
C:/ST/STM32CubeIDE_1.15.0/STM32CubeIDE/plugins/com.st.stm32cube.ide.mcu.externaltools.gnu-tools-for-stm32.12.3.rel1.win32_1.0.100.202403111256/tools/bin/../lib/gcc/arm-none-eabi/12.3.1/../../../../arm-none-eabi/lib/thumb/v7e-m+fp/hard\libc_nano.a(libc_a-mlock.o)
                              C:/ST/STM32CubeIDE_1.15.0/STM32CubeIDE/plugins/com.st.stm32cube.ide.mcu.externaltools.gnu-tools-for-stm32.12.3.rel1.win32_1.0.100.202403111256/tools/bin/../lib/gcc/arm-none-eabi/12.3.1/../../../../arm-none-eabi/lib/thumb/v7e-m+fp/hard\libc_nano.a(libc_a-mallocr.o) (__malloc_lock)
C:/ST/STM32CubeIDE_1.15.0/STM32CubeIDE/plugins/com.st.stm32cube.ide.mcu.externaltools.gnu-tools-for-stm32.12.3.rel1.win32_1.0.100.202403111256/tools/bin/../lib/gcc/arm-none-eabi/12.3.1/../../../../arm-none-eabi/lib/thumb/v7e-m+fp/hard\libc_nano.a(libc_a-findfp.o)
                              C:/ST/STM32CubeIDE_1.15.0/STM32CubeIDE/plugins/com.st.stm32cube.ide.mcu.externaltools.gnu-tools-for-stm32.12.3.rel1.win32_1.0.100.202403111256/tools/bin/../lib/gcc/arm-none-eabi/12.3.1/../../../../arm-none-eabi/lib/thumb/v7e-m+fp/hard\libc_nano.a(libc_a-exit.o) (__stdio_exit_handler)
C:/ST/STM32CubeIDE_1.15.0/STM32CubeIDE/plugins/com.st.stm32cube.ide.mcu.externaltools.gnu-tools-for-stm32.12.3.rel1.win32_1.0.100.202403111256/tools/bin/../lib/gcc/arm-none-eabi/12.3.1/../../../../arm-none-eabi/lib/thumb/v7e-m+fp/hard\libc_nano.a(libc_a-fwalk.o)
                              C:/ST/STM32CubeIDE_1.15.0/STM32CubeIDE/plugins/com.st.stm32cube.ide.mcu.externaltools.gnu-tools-for-stm32.12.3.rel1.win32_1.0.100.202403111256/tools/bin/../lib/gcc/arm-none-eabi/12.3.1/../../../../arm-none-eabi/lib/thumb/v7e-m+fp/hard\libc_nano.a(libc_a-findfp.o) (_fwalk_sglue)
C:/ST/STM32CubeIDE_1.15.0/STM32CubeIDE/plugins/com.st.stm32cube.ide.mcu.externaltools.gnu-tools-for-stm32.12.3.rel1.win32_1.0.100.202403111256/tools/bin/../lib/gcc/arm-none-eabi/12.3.1/../../../../arm-none-eabi/lib/thumb/v7e-m+fp/hard\libc_nano.a(libc_a-stdio.o)
                              C:/ST/STM32CubeIDE_1.15.0/STM32CubeIDE/plugins/com.st.stm32cube.ide.mcu.externaltools.gnu-tools-for-stm32.12.3.rel1.win32_1.0.100.202403111256/tools/bin/../lib/gcc/arm-none-eabi/12.3.1/../../../../arm-none-eabi/lib/thumb/v7e-m+fp/hard\libc_nano.a(libc_a-findfp.o) (__sread)
C:/ST/STM32CubeIDE_1.15.0/STM32CubeIDE/plugins/com.st.stm32cube.ide.mcu.externaltools.gnu-tools-for-stm32.12.3.rel1.win32_1.0.100.202403111256/tools/bin/../lib/gcc/arm-none-eabi/12.3.1/../../../../arm-none-eabi/lib/thumb/v7e-m+fp/hard\libc_nano.a(libc_a-memset.o)
                              C:/ST/STM32CubeIDE_1.15.0/STM32CubeIDE/plugins/com.st.stm32cube.ide.mcu.externaltools.gnu-tools-for-stm32.12.3.rel1.win32_1.0.100.202403111256/tools/bin/../lib/gcc/arm-none-eabi/12.3.1/../../../../arm-none-eabi/lib/thumb/v7e-m+fp/hard/crt0.o (memset)
C:/ST/STM32CubeIDE_1.15.0/STM32CubeIDE/plugins/com.st.stm32cube.ide.mcu.externaltools.gnu-tools-for-stm32.12.3.rel1.win32_1.0.100.202403111256/tools/bin/../lib/gcc/arm-none-eabi/12.3.1/../../../../arm-none-eabi/lib/thumb/v7e-m+fp/hard\libc_nano.a(libc_a-closer.o)
                              C:/ST/STM32CubeIDE_1.15.0/STM32CubeIDE/plugins/com.st.stm32cube.ide.mcu.externaltools.gnu-tools-for-stm32.12.3.rel1.win32_1.0.100.202403111256/tools/bin/../lib/gcc/arm-none-eabi/12.3.1/../../../../arm-none-eabi/lib/thumb/v7e-m+fp/hard\libc_nano.a(libc_a-stdio.o) (_close_r)
[...]
Memory Configuration

Name             Origin             Length             Attributes
RAM              0x20000000         0x00040000         xrw
FLASH            0x08000000         0x00080000         xr
*default*        0x00000000         0xffffffff

Linker script and memory map

LOAD C:/ST/STM32CubeIDE_1.15.0/STM32CubeIDE/plugins/com.st.stm32cube.ide.mcu.externaltools.gnu-tools-for-stm32.12.3.rel1.win32_1.0.100.202403111256/tools/bin/../lib/gcc/arm-none-eabi/12.3.1/thumb/v7e-m+fp/hard/crti.o
LOAD C:/ST/STM32CubeIDE_1.15.0/STM32CubeIDE/plugins/com.st.stm32cube.ide.mcu.externaltools.gnu-tools-for-stm32.12.3.rel1.win32_1.0.100.202403111256/tools/bin/../lib/gcc/arm-none-eabi/12.3.1/thumb/v7e-m+fp/hard/crtbegin.o
LOAD C:/ST/STM32CubeIDE_1.15.0/STM32CubeIDE/plugins/com.st.stm32cube.ide.mcu.externaltools.gnu-tools-for-stm32.12.3.rel1.win32_1.0.100.202403111256/tools/bin/../lib/gcc/arm-none-eabi/12.3.1/../../../../arm-none-eabi/lib/thumb/v7e-m+fp/hard/crt0.o
LOAD ./Core/Src/buttons.o
LOAD ./Core/Src/cut_code.o
LOAD ./Core/Src/cutter.o
LOAD ./Core/Src/gpio.o
LOAD ./Core/Src/main.o
LOAD ./Core/Src/stm32f4xx_hal_msp.o
LOAD ./Core/Src/stm32f4xx_it.o
LOAD ./Core/Src/syscalls.o
LOAD ./Core/Src/sysmem.o
LOAD ./Core/Src/system_stm32f4xx.o
LOAD ./Core/Src/tim.o
LOAD ./Core/Startup/startup_stm32f412vetx.o
LOAD ./Drivers/STM32F4xx_HAL_Driver/Src/stm32f4xx_hal.o
LOAD ./Drivers/STM32F4xx_HAL_Driver/Src/stm32f4xx_hal_cortex.o
LOAD ./Drivers/STM32F4xx_HAL_Driver/Src/stm32f4xx_hal_dma.o
LOAD ./Drivers/STM32F4xx_HAL_Driver/Src/stm32f4xx_hal_dma_ex.o
LOAD ./Drivers/STM32F4xx_HAL_Driver/Src/stm32f4xx_hal_exti.o
LOAD ./Drivers/STM32F4xx_HAL_Driver/Src/stm32f4xx_hal_flash.o
LOAD ./Drivers/STM32F4xx_HAL_Driver/Src/stm32f4xx_hal_flash_ex.o
LOAD ./Drivers/STM32F4xx_HAL_Driver/Src/stm32f4xx_hal_flash_ramfunc.o
LOAD ./Drivers/STM32F4xx_HAL_Driver/Src/stm32f4xx_hal_gpio.o
LOAD ./Drivers/STM32F4xx_HAL_Driver/Src/stm32f4xx_hal_pwr.o
LOAD ./Drivers/STM32F4xx_HAL_Driver/Src/stm32f4xx_hal_pwr_ex.o
LOAD ./Drivers/STM32F4xx_HAL_Driver/Src/stm32f4xx_hal_rcc.o
LOAD ./Drivers/STM32F4xx_HAL_Driver/Src/stm32f4xx_hal_rcc_ex.o
LOAD ./Drivers/STM32F4xx_HAL_Driver/Src/stm32f4xx_hal_tim.o
LOAD ./Drivers/STM32F4xx_HAL_Driver/Src/stm32f4xx_hal_tim_ex.o
START GROUP
LOAD C:/ST/STM32CubeIDE_1.15.0/STM32CubeIDE/plugins/com.st.stm32cube.ide.mcu.externaltools.gnu-tools-for-stm32.12.3.rel1.win32_1.0.100.202403111256/tools/bin/../lib/gcc/arm-none-eabi/12.3.1/../../../../arm-none-eabi/lib/thumb/v7e-m+fp/hard\libc_nano.a
LOAD C:/ST/STM32CubeIDE_1.15.0/STM32CubeIDE/plugins/com.st.stm32cube.ide.mcu.externaltools.gnu-tools-for-stm32.12.3.rel1.win32_1.0.100.202403111256/tools/bin/../lib/gcc/arm-none-eabi/12.3.1/../../../../arm-none-eabi/lib/thumb/v7e-m+fp/hard\libm.a
END GROUP
START GROUP
LOAD C:/ST/STM32CubeIDE_1.15.0/STM32CubeIDE/plugins/com.st.stm32cube.ide.mcu.externaltools.gnu-tools-for-stm32.12.3.rel1.win32_1.0.100.202403111256/tools/bin/../lib/gcc/arm-none-eabi/12.3.1/thumb/v7e-m+fp/hard\libgcc.a
LOAD C:/ST/STM32CubeIDE_1.15.0/STM32CubeIDE/plugins/com.st.stm32cube.ide.mcu.externaltools.gnu-tools-for-stm32.12.3.rel1.win32_1.0.100.202403111256/tools/bin/../lib/gcc/arm-none-eabi/12.3.1/../../../../arm-none-eabi/lib/thumb/v7e-m+fp/hard\libc_nano.a
END GROUP
START GROUP
LOAD C:/ST/STM32CubeIDE_1.15.0/STM32CubeIDE/plugins/com.st.stm32cube.ide.mcu.externaltools.gnu-tools-for-stm32.12.3.rel1.win32_1.0.100.202403111256/tools/bin/../lib/gcc/arm-none-eabi/12.3.1/thumb/v7e-m+fp/hard\libgcc.a
LOAD C:/ST/STM32CubeIDE_1.15.0/STM32CubeIDE/plugins/com.st.stm32cube.ide.mcu.externaltools.gnu-tools-for-stm32.12.3.rel1.win32_1.0.100.202403111256/tools/bin/../lib/gcc/arm-none-eabi/12.3.1/../../../../arm-none-eabi/lib/thumb/v7e-m+fp/hard\libc_nano.a
LOAD C:/ST/STM32CubeIDE_1.15.0/STM32CubeIDE/plugins/com.st.stm32cube.ide.mcu.externaltools.gnu-tools-for-stm32.12.3.rel1.win32_1.0.100.202403111256/tools/bin/../lib/gcc/arm-none-eabi/12.3.1/../../../../arm-none-eabi/lib/thumb/v7e-m+fp/hard\libnosys.a
END GROUP
START GROUP
LOAD C:/ST/STM32CubeIDE_1.15.0/STM32CubeIDE/plugins/com.st.stm32cube.ide.mcu.externaltools.gnu-tools-for-stm32.12.3.rel1.win32_1.0.100.202403111256/tools/bin/../lib/gcc/arm-none-eabi/12.3.1/thumb/v7e-m+fp/hard\libgcc.a
LOAD C:/ST/STM32CubeIDE_1.15.0/STM32CubeIDE/plugins/com.st.stm32cube.ide.mcu.externaltools.gnu-tools-for-stm32.12.3.rel1.win32_1.0.100.202403111256/tools/bin/../lib/gcc/arm-none-eabi/12.3.1/../../../../arm-none-eabi/lib/thumb/v7e-m+fp/hard\libc_nano.a
LOAD C:/ST/STM32CubeIDE_1.15.0/STM32CubeIDE/plugins/com.st.stm32cube.ide.mcu.externaltools.gnu-tools-for-stm32.12.3.rel1.win32_1.0.100.202403111256/tools/bin/../lib/gcc/arm-none-eabi/12.3.1/../../../../arm-none-eabi/lib/thumb/v7e-m+fp/hard\libnosys.a
END GROUP
LOAD C:/ST/STM32CubeIDE_1.15.0/STM32CubeIDE/plugins/com.st.stm32cube.ide.mcu.externaltools.gnu-tools-for-stm32.12.3.rel1.win32_1.0.100.202403111256/tools/bin/../lib/gcc/arm-none-eabi/12.3.1/thumb/v7e-m+fp/hard/crtend.o
LOAD C:/ST/STM32CubeIDE_1.15.0/STM32CubeIDE/plugins/com.st.stm32cube.ide.mcu.externaltools.gnu-tools-for-stm32.12.3.rel1.win32_1.0.100.202403111256/tools/bin/../lib/gcc/arm-none-eabi/12.3.1/thumb/v7e-m+fp/hard/crtn.o
                0x20040000                        _estack = (ORIGIN (RAM) + LENGTH (RAM))
                0x00000200                        _Min_Heap_Size = 0x200
                0x00000400                        _Min_Stack_Size = 0x400

.isr_vector     0x08000000      0x1c4
                0x08000000                        . = ALIGN (0x4)
 *(.isr_vector)
 .isr_vector    0x08000000      0x1c4 ./Core/Startup/startup_stm32f412vetx.o
                0x08000000                g_pfnVectors
                0x080001c4                        . = ALIGN (0x4)

.text           0x080001c4     0x2c24
                0x080001c4                        . = ALIGN (0x4)
 *(.text)
 .text          0x080001c4       0x40 C:/ST/STM32CubeIDE_1.15.0/STM32CubeIDE/plugins/com.st.stm32cube.ide.mcu.externaltools.gnu-tools-for-stm32.12.3.rel1.win32_1.0.100.202403111256/tools/bin/../lib/gcc/arm-none-eabi/12.3.1/thumb/v7e-m+fp/hard/crtbegin.o
 .text          0x08000204       0x30 C:/ST/STM32CubeIDE_1.15.0/STM32CubeIDE/plugins/com.st.stm32cube.ide.mcu.externaltools.gnu-tools-for-stm32.12.3.rel1.win32_1.0.100.202403111256/tools/bin/../lib/gcc/arm-none-eabi/12.3.1/thumb/v7e-m+fp/hard\libgcc.a(_aeabi_uldivmod.o)
                0x08000204                __aeabi_uldivmod
 .text          0x08000234      0x2bc C:/ST/STM32CubeIDE_1.15.0/STM32CubeIDE/plugins/com.st.stm32cube.ide.mcu.externaltools.gnu-tools-for-stm32.12.3.rel1.win32_1.0.100.202403111256/tools/bin/../lib/gcc/arm-none-eabi/12.3.1/thumb/v7e-m+fp/hard\libgcc.a(_udivmoddi4.o)
                0x08000234                __udivmoddi4
 .text          0x080004f0        0x4 C:/ST/STM32CubeIDE_1.15.0/STM32CubeIDE/plugins/com.st.stm32cube.ide.mcu.externaltools.gnu-tools-for-stm32.12.3.rel1.win32_1.0.100.202403111256/tools/bin/../lib/gcc/arm-none-eabi/12.3.1/thumb/v7e-m+fp/hard\libgcc.a(_dvmd_tls.o)
                0x080004f0                __aeabi_idiv0
                0x080004f0                __aeabi_ldiv0
 *(.text*)
 .text.HAL_GPIO_EXTI_Callback
                0x080004f4       0x24 ./Core/Src/buttons.o
                0x080004f4                HAL_GPIO_EXTI_Callback
 .text.PCNC_Enable_Servo
                0x08000518       0x24 ./Core/Src/cutter.o
                0x08000518                PCNC_Enable_Servo
 .text.PCNC_Startup
                0x0800053c       0x3e ./Core/Src/cutter.o
                0x0800053c                PCNC_Startup
 *fill*         0x0800057a        0x2 
 .text.PCNC_Get_Setup
                0x0800057c      0x198 ./Core/Src/cutter.o
                0x0800057c                PCNC_Get_Setup
 .text.MX_GPIO_Init
                0x08000714      0x10c ./Core/Src/gpio.o
                0x08000714                MX_GPIO_Init
 .text.main     0x08000820       0x40 ./Core/Src/main.o
                0x08000820                main
 .text.SystemClock_Config
                0x08000860       0xbc ./Core/Src/main.o
                0x08000860                SystemClock_Config
 .text.Error_Handler
                0x0800091c        0xc ./Core/Src/main.o
                0x0800091c                Error_Handler
 .text.HAL_MspInit
                0x08000928       0x50 ./Core/Src/stm32f4xx_hal_msp.o
                0x08000928                HAL_MspInit
 .text.NMI_Handler
                0x08000978        0x8 ./Core/Src/stm32f4xx_it.o
                0x08000978                NMI_Handler
 .text.HardFault_Handler
                0x08000980        0x8 ./Core/Src/stm32f4xx_it.o
                0x08000980                HardFault_Handler
 .text.MemManage_Handler
                0x08000988        0x8 ./Core/Src/stm32f4xx_it.o
                0x08000988                MemManage_Handler
 .text.BusFault_Handler
                0x08000990        0x8 ./Core/Src/stm32f4xx_it.o
                0x08000990                BusFault_Handler
 .text.UsageFault_Handler
                0x08000998        0x8 ./Core/Src/stm32f4xx_it.o
                0x08000998                UsageFault_Handler
 .text.SVC_Handler
                0x080009a0        0xe ./Core/Src/stm32f4xx_it.o
                0x080009a0                SVC_Handler
 .text.DebugMon_Handler
                0x080009ae        0xe ./Core/Src/stm32f4xx_it.o
                0x080009ae                DebugMon_Handler
 .text.PendSV_Handler
                0x080009bc        0xe ./Core/Src/stm32f4xx_it.o
                0x080009bc                PendSV_Handler
 .text.SysTick_Handler
                0x080009ca        0xc ./Core/Src/stm32f4xx_it.o
                0x080009ca                SysTick_Handler
 .text.EXTI9_5_IRQHandler
                0x080009d6       0x10 ./Core/Src/stm32f4xx_it.o
                0x080009d6                EXTI9_5_IRQHandler
 *fill*         0x080009e6        0x2 
 .text._sbrk    0x080009e8       0x6c ./Core/Src/sysmem.o
                0x080009e8                _sbrk
 .text.SystemInit
                0x08000a54       0x24 ./Core/Src/system_stm32f4xx.o
                0x08000a54                SystemInit
 .text.MX_TIM2_Init
                0x08000a78       0x9c ./Core/Src/tim.o
                0x08000a78                MX_TIM2_Init
 .text.MX_TIM3_Init
                0x08000b14       0x9c ./Core/Src/tim.o
                0x08000b14                MX_TIM3_Init
 .text.MX_TIM4_Init
                0x08000bb0       0x9c ./Core/Src/tim.o
                0x08000bb0                MX_TIM4_Init
 .text.MX_TIM5_Init
                0x08000c4c       0xb4 ./Core/Src/tim.o
                0x08000c4c                MX_TIM5_Init
 .text.MX_TIM7_Init
                0x08000d00       0x44 ./Core/Src/tim.o
                0x08000d00                MX_TIM7_Init
 .text.HAL_TIM_Base_MspInit
                0x08000d44       0xc4 ./Core/Src/tim.o
                0x08000d44                HAL_TIM_Base_MspInit
 .text.HAL_TIM_PWM_MspInit
                0x08000e08       0x44 ./Core/Src/tim.o
                0x08000e08                HAL_TIM_PWM_MspInit
 .text.HAL_TIM_MspPostInit
                0x08000e4c       0x74 ./Core/Src/tim.o
                0x08000e4c                HAL_TIM_MspPostInit
 .text.Reset_Handler
                0x08000ec0       0x50 ./Core/Startup/startup_stm32f412vetx.o
                0x08000ec0                Reset_Handler
 .text.Default_Handler
                0x08000f10        0x2 ./Core/Startup/startup_stm32f412vetx.o
                0x08000f10                RTC_Alarm_IRQHandler
                0x08000f10                EXTI2_IRQHandler
                0x08000f10                TIM8_CC_IRQHandler
                0x08000f10                FMPI2C1_EV_IRQHandler
                0x08000f10                SPI4_IRQHandler
                0x08000f10                TIM1_CC_IRQHandler
                0x08000f10                DMA2_Stream5_IRQHandler
                0x08000f10                DMA1_Stream5_IRQHandler
                0x08000f10                TIM6_IRQHandler
                0x08000f10                PVD_IRQHandler
                0x08000f10                SDIO_IRQHandler
                0x08000f10                TAMP_STAMP_IRQHandler
                0x08000f10                CAN2_RX1_IRQHandler
                0x08000f10                EXTI3_IRQHandler
                0x08000f10                TIM8_TRG_COM_TIM14_IRQHandler
                0x08000f10                DFSDM1_FLT1_IRQHandler
                0x08000f10                TIM1_UP_TIM10_IRQHandler
                0x08000f10                TIM8_UP_TIM13_IRQHandler
                0x08000f10                I2C3_ER_IRQHandler
                0x08000f10                EXTI0_IRQHandler
                0x08000f10                I2C2_EV_IRQHandler
                0x08000f10                DMA1_Stream2_IRQHandler
                0x08000f10                CAN1_RX0_IRQHandler
                0x08000f10                FPU_IRQHandler
                0x08000f10                CAN2_SCE_IRQHandler
                0x08000f10                DMA2_Stream2_IRQHandler
                0x08000f10                SPI1_IRQHandler
                0x08000f10                TIM1_BRK_TIM9_IRQHandler
                0x08000f10                CAN2_RX0_IRQHandler
                0x08000f10                DMA2_Stream3_IRQHandler
                0x08000f10                USART6_IRQHandler
                0x08000f10                USART3_IRQHandler
                0x08000f10                CAN1_RX1_IRQHandler
                0x08000f10                DMA2_Stream0_IRQHandler
                0x08000f10                TIM4_IRQHandler
                0x08000f10                QUADSPI_IRQHandler
                0x08000f10                I2C1_EV_IRQHandler
                0x08000f10                DMA1_Stream6_IRQHandler
                0x08000f10                DMA1_Stream1_IRQHandler
                0x08000f10                TIM3_IRQHandler
                0x08000f10                RCC_IRQHandler
                0x08000f10                TIM8_BRK_TIM12_IRQHandler
                0x08000f10                Default_Handler
                0x08000f10                EXTI15_10_IRQHandler
                0x08000f10                ADC_IRQHandler
                0x08000f10                DMA1_Stream7_IRQHandler
                0x08000f10                SPI5_IRQHandler
                0x08000f10                TIM7_IRQHandler
                0x08000f10                CAN2_TX_IRQHandler
                0x08000f10                TIM5_IRQHandler
                0x08000f10                DMA2_Stream7_IRQHandler
                0x08000f10                I2C3_EV_IRQHandler
                0x08000f10                RTC_WKUP_IRQHandler
                0x08000f10                SPI2_IRQHandler
                0x08000f10                DMA1_Stream0_IRQHandler
                0x08000f10                CAN1_TX_IRQHandler
                0x08000f10                FMPI2C1_ER_IRQHandler
                0x08000f10                EXTI4_IRQHandler
                0x08000f10                RNG_IRQHandler
                0x08000f10                WWDG_IRQHandler
                0x08000f10                TIM2_IRQHandler
                0x08000f10                OTG_FS_WKUP_IRQHandler
                0x08000f10                TIM1_TRG_COM_TIM11_IRQHandler
                0x08000f10                EXTI1_IRQHandler
                0x08000f10                USART2_IRQHandler
                0x08000f10                DFSDM1_FLT0_IRQHandler
                0x08000f10                I2C2_ER_IRQHandler
                0x08000f10                DMA2_Stream1_IRQHandler
                0x08000f10                CAN1_SCE_IRQHandler
                0x08000f10                FLASH_IRQHandler
                0x08000f10                DMA2_Stream4_IRQHandler
                0x08000f10                USART1_IRQHandler
                0x08000f10                OTG_FS_IRQHandler
                0x08000f10                SPI3_IRQHandler
                0x08000f10                DMA1_Stream4_IRQHandler
                0x08000f10                I2C1_ER_IRQHandler
                0x08000f10                DMA2_Stream6_IRQHandler
                0x08000f10                DMA1_Stream3_IRQHandler
 *fill*         0x08000f12        0x2 
 .text.HAL_Init
                0x08000f14       0x44 ./Drivers/STM32F4xx_HAL_Driver/Src/stm32f4xx_hal.o
                0x08000f14                HAL_Init
 .text.HAL_InitTick
                0x08000f58       0x60 ./Drivers/STM32F4xx_HAL_Driver/Src/stm32f4xx_hal.o
                0x08000f58                HAL_InitTick
 .text.HAL_IncTick
                0x08000fb8       0x28 ./Drivers/STM32F4xx_HAL_Driver/Src/stm32f4xx_hal.o
                0x08000fb8                HAL_IncTick
 .text.HAL_GetTick
                0x08000fe0       0x18 ./Drivers/STM32F4xx_HAL_Driver/Src/stm32f4xx_hal.o
                0x08000fe0                HAL_GetTick
 .text.__NVIC_SetPriorityGrouping
                0x08000ff8       0x48 ./Drivers/STM32F4xx_HAL_Driver/Src/stm32f4xx_hal_cortex.o
 .text.__NVIC_GetPriorityGrouping
                0x08001040       0x1c ./Drivers/STM32F4xx_HAL_Driver/Src/stm32f4xx_hal_cortex.o
 .text.__NVIC_EnableIRQ
                0x0800105c       0x3c ./Drivers/STM32F4xx_HAL_Driver/Src/stm32f4xx_hal_cortex.o
 .text.__NVIC_SetPriority
                0x08001098       0x54 ./Drivers/STM32F4xx_HAL_Driver/Src/stm32f4xx_hal_cortex.o
 .text.NVIC_EncodePriority
                0x080010ec       0x66 ./Drivers/STM32F4xx_HAL_Driver/Src/stm32f4xx_hal_cortex.o
 *fill*         0x08001152        0x2 
 .text.SysTick_Config
                0x08001154       0x44 ./Drivers/STM32F4xx_HAL_Driver/Src/stm32f4xx_hal_cortex.o
 .text.HAL_NVIC_SetPriorityGrouping
                0x08001198       0x16 ./Drivers/STM32F4xx_HAL_Driver/Src/stm32f4xx_hal_cortex.o
                0x08001198                HAL_NVIC_SetPriorityGrouping
 .text.HAL_NVIC_SetPriority
                0x080011ae       0x38 ./Drivers/STM32F4xx_HAL_Driver/Src/stm32f4xx_hal_cortex.o
                0x080011ae                HAL_NVIC_SetPriority
 .text.HAL_NVIC_EnableIRQ
                0x080011e6       0x1c ./Drivers/STM32F4xx_HAL_Driver/Src/stm32f4xx_hal_cortex.o
                0x080011e6                HAL_NVIC_EnableIRQ
 .text.HAL_SYSTICK_Config
                0x08001202       0x18 ./Drivers/STM32F4xx_HAL_Driver/Src/stm32f4xx_hal_cortex.o
                0x08001202                HAL_SYSTICK_Config
 *fill*         0x0800121a        0x2 
 .text.HAL_GPIO_Init
                0x0800121c      0x308 ./Drivers/STM32F4xx_HAL_Driver/Src/stm32f4xx_hal_gpio.o
                0x0800121c                HAL_GPIO_Init
 .text.HAL_GPIO_WritePin
                0x08001524       0x32 ./Drivers/STM32F4xx_HAL_Driver/Src/stm32f4xx_hal_gpio.o
                0x08001524                HAL_GPIO_WritePin
 *fill*         0x08001556        0x2 
 .text.HAL_GPIO_EXTI_IRQHandler
                0x08001558       0x30 ./Drivers/STM32F4xx_HAL_Driver/Src/stm32f4xx_hal_gpio.o
                0x08001558                HAL_GPIO_EXTI_IRQHandler
 .text.HAL_RCC_ClockConfig
                0x08001588      0x1cc ./Drivers/STM32F4xx_HAL_Driver/Src/stm32f4xx_hal_rcc.o
                0x08001588                HAL_RCC_ClockConfig
 .text.HAL_RCC_GetSysClockFreq
                0x08001754      0x18c ./Drivers/STM32F4xx_HAL_Driver/Src/stm32f4xx_hal_rcc.o
                0x08001754                HAL_RCC_GetSysClockFreq
 .text.HAL_RCC_OscConfig
                0x080018e0      0x508 ./Drivers/STM32F4xx_HAL_Driver/Src/stm32f4xx_hal_rcc_ex.o
                0x080018e0                HAL_RCC_OscConfig
 .text.HAL_TIM_Base_Init
                0x08001de8       0x9e ./Drivers/STM32F4xx_HAL_Driver/Src/stm32f4xx_hal_tim.o
                0x08001de8                HAL_TIM_Base_Init
 *fill*         0x08001e86        0x2 
 .text.HAL_TIM_Base_Start_IT
                0x08001e88       0xe0 ./Drivers/STM32F4xx_HAL_Driver/Src/stm32f4xx_hal_tim.o
                0x08001e88                HAL_TIM_Base_Start_IT
 .text.HAL_TIM_PWM_Init
                0x08001f68       0x9e ./Drivers/STM32F4xx_HAL_Driver/Src/stm32f4xx_hal_tim.o
                0x08001f68                HAL_TIM_PWM_Init
 *fill*         0x08002006        0x2 
 .text.HAL_TIM_PWM_Start
                0x08002008      0x190 ./Drivers/STM32F4xx_HAL_Driver/Src/stm32f4xx_hal_tim.o
                0x08002008                HAL_TIM_PWM_Start
 .text.HAL_TIM_PWM_ConfigChannel
                0x08002198      0x184 ./Drivers/STM32F4xx_HAL_Driver/Src/stm32f4xx_hal_tim.o
                0x08002198                HAL_TIM_PWM_ConfigChannel
 .text.HAL_TIM_ConfigClockSource
                0x0800231c      0x18e ./Drivers/STM32F4xx_HAL_Driver/Src/stm32f4xx_hal_tim.o
                0x0800231c                HAL_TIM_ConfigClockSource
 *fill*         0x080024aa        0x2 
 .text.TIM_Base_SetConfig
                0x080024ac      0x158 ./Drivers/STM32F4xx_HAL_Driver/Src/stm32f4xx_hal_tim.o
                0x080024ac                TIM_Base_SetConfig
 .text.TIM_OC1_SetConfig
                0x08002604       0xe0 ./Drivers/STM32F4xx_HAL_Driver/Src/stm32f4xx_hal_tim.o
 .text.TIM_OC2_SetConfig
                0x080026e4       0xec ./Drivers/STM32F4xx_HAL_Driver/Src/stm32f4xx_hal_tim.o
                0x080026e4                TIM_OC2_SetConfig
 .text.TIM_OC3_SetConfig
                0x080027d0       0xe8 ./Drivers/STM32F4xx_HAL_Driver/Src/stm32f4xx_hal_tim.o
 .text.TIM_OC4_SetConfig
                0x080028b8       0xac ./Drivers/STM32F4xx_HAL_Driver/Src/stm32f4xx_hal_tim.o
 .text.TIM_TI1_ConfigInputStage
                0x08002964       0x5e ./Drivers/STM32F4xx_HAL_Driver/Src/stm32f4xx_hal_tim.o
 .text.TIM_TI2_ConfigInputStage
                0x080029c2       0x60 ./Drivers/STM32F4xx_HAL_Driver/Src/stm32f4xx_hal_tim.o
 .text.TIM_ITRx_SetConfig
                0x08002a22       0x36 ./Drivers/STM32F4xx_HAL_Driver/Src/stm32f4xx_hal_tim.o
 .text.TIM_ETR_SetConfig
                0x08002a58       0x40 ./Drivers/STM32F4xx_HAL_Driver/Src/stm32f4xx_hal_tim.o
                0x08002a58                TIM_ETR_SetConfig
 .text.TIM_CCxChannelCmd
                0x08002a98       0x4a ./Drivers/STM32F4xx_HAL_Driver/Src/stm32f4xx_hal_tim.o
                0x08002a98                TIM_CCxChannelCmd
 *fill*         0x08002ae2        0x2 
 .text.HAL_TIMEx_MasterConfigSynchronization
                0x08002ae4       0xf8 ./Drivers/STM32F4xx_HAL_Driver/Src/stm32f4xx_hal_tim_ex.o
                0x08002ae4                HAL_TIMEx_MasterConfigSynchronization
 .text.malloc   0x08002bdc       0x10 C:/ST/STM32CubeIDE_1.15.0/STM32CubeIDE/plugins/com.st.stm32cube.ide.mcu.externaltools.gnu-tools-for-stm32.12.3.rel1.win32_1.0.100.202403111256/tools/bin/../lib/gcc/arm-none-eabi/12.3.1/../../../../arm-none-eabi/lib/thumb/v7e-m+fp/hard\libc_nano.a(libc_a-malloc.o)
                0x08002bdc                malloc
 .text.sbrk_aligned
                0x08002bec       0x44 C:/ST/STM32CubeIDE_1.15.0/STM32CubeIDE/plugins/com.st.stm32cube.ide.mcu.externaltools.gnu-tools-for-stm32.12.3.rel1.win32_1.0.100.202403111256/tools/bin/../lib/gcc/arm-none-eabi/12.3.1/../../../../arm-none-eabi/lib/thumb/v7e-m+fp/hard\libc_nano.a(libc_a-mallocr.o)
 .text._malloc_r
                0x08002c30      0x100 C:/ST/STM32CubeIDE_1.15.0/STM32CubeIDE/plugins/com.st.stm32cube.ide.mcu.externaltools.gnu-tools-for-stm32.12.3.rel1.win32_1.0.100.202403111256/tools/bin/../lib/gcc/arm-none-eabi/12.3.1/../../../../arm-none-eabi/lib/thumb/v7e-m+fp/hard\libc_nano.a(libc_a-mallocr.o)
                0x08002c30                _malloc_r
 .text.__malloc_lock
                0x08002d30        0xc C:/ST/STM32CubeIDE_1.15.0/STM32CubeIDE/plugins/com.st.stm32cube.ide.mcu.externaltools.gnu-tools-for-stm32.12.3.rel1.win32_1.0.100.202403111256/tools/bin/../lib/gcc/arm-none-eabi/12.3.1/../../../../arm-none-eabi/lib/thumb/v7e-m+fp/hard\libc_nano.a(libc_a-mlock.o)
                0x08002d30                __malloc_lock
 .text.__malloc_unlock
                0x08002d3c        0xc C:/ST/STM32CubeIDE_1.15.0/STM32CubeIDE/plugins/com.st.stm32cube.ide.mcu.externaltools.gnu-tools-for-stm32.12.3.rel1.win32_1.0.100.202403111256/tools/bin/../lib/gcc/arm-none-eabi/12.3.1/../../../../arm-none-eabi/lib/thumb/v7e-m+fp/hard\libc_nano.a(libc_a-mlock.o)
                0x08002d3c                __malloc_unlock
 .text.memset   0x08002d48       0x10 C:/ST/STM32CubeIDE_1.15.0/STM32CubeIDE/plugins/com.st.stm32cube.ide.mcu.externaltools.gnu-tools-for-stm32.12.3.rel1.win32_1.0.100.202403111256/tools/bin/../lib/gcc/arm-none-eabi/12.3.1/../../../../arm-none-eabi/lib/thumb/v7e-m+fp/hard\libc_nano.a(libc_a-memset.o)
                0x08002d48                memset
 .text._sbrk_r  0x08002d58       0x20 C:/ST/STM32CubeIDE_1.15.0/STM32CubeIDE/plugins/com.st.stm32cube.ide.mcu.externaltools.gnu-tools-for-stm32.12.3.rel1.win32_1.0.100.202403111256/tools/bin/../lib/gcc/arm-none-eabi/12.3.1/../../../../arm-none-eabi/lib/thumb/v7e-m+fp/hard\libc_nano.a(libc_a-sbrkr.o)
                0x08002d58                _sbrk_r
 .text.__errno  0x08002d78        0xc C:/ST/STM32CubeIDE_1.15.0/STM32CubeIDE/plugins/com.st.stm32cube.ide.mcu.externaltools.gnu-tools-for-stm32.12.3.rel1.win32_1.0.100.202403111256/tools/bin/../lib/gcc/arm-none-eabi/12.3.1/../../../../arm-none-eabi/lib/thumb/v7e-m+fp/hard\libc_nano.a(libc_a-errno.o)
                0x08002d78                __errno
 .text.__libc_init_array
                0x08002d84       0x48 C:/ST/STM32CubeIDE_1.15.0/STM32CubeIDE/plugins/com.st.stm32cube.ide.mcu.externaltools.gnu-tools-for-stm32.12.3.rel1.win32_1.0.100.202403111256/tools/bin/../lib/gcc/arm-none-eabi/12.3.1/../../../../arm-none-eabi/lib/thumb/v7e-m+fp/hard\libc_nano.a(libc_a-init.o)
                0x08002d84                __libc_init_array
 .text.__retarget_lock_acquire_recursive
                0x08002dcc        0x2 C:/ST/STM32CubeIDE_1.15.0/STM32CubeIDE/plugins/com.st.stm32cube.ide.mcu.externaltools.gnu-tools-for-stm32.12.3.rel1.win32_1.0.100.202403111256/tools/bin/../lib/gcc/arm-none-eabi/12.3.1/../../../../arm-none-eabi/lib/thumb/v7e-m+fp/hard\libc_nano.a(libc_a-lock.o)
                0x08002dcc                __retarget_lock_acquire_recursive
 .text.__retarget_lock_release_recursive
                0x08002dce        0x2 C:/ST/STM32CubeIDE_1.15.0/STM32CubeIDE/plugins/com.st.stm32cube.ide.mcu.externaltools.gnu-tools-for-stm32.12.3.rel1.win32_1.0.100.202403111256/tools/bin/../lib/gcc/arm-none-eabi/12.3.1/../../../../arm-none-eabi/lib/thumb/v7e-m+fp/hard\libc_nano.a(libc_a-lock.o)
                0x08002dce                __retarget_lock_release_recursive
 *(.glue_7)
 .glue_7        0x08002dd0        0x0 linker stubs
 *(.glue_7t)
 .glue_7t       0x08002dd0        0x0 linker stubs
 *(.eh_frame)
 .eh_frame      0x08002dd0        0x0 C:/ST/STM32CubeIDE_1.15.0/STM32CubeIDE/plugins/com.st.stm32cube.ide.mcu.externaltools.gnu-tools-for-stm32.12.3.rel1.win32_1.0.100.202403111256/tools/bin/../lib/gcc/arm-none-eabi/12.3.1/thumb/v7e-m+fp/hard/crtbegin.o
 *(.init)
 .init          0x08002dd0        0x4 C:/ST/STM32CubeIDE_1.15.0/STM32CubeIDE/plugins/com.st.stm32cube.ide.mcu.externaltools.gnu-tools-for-stm32.12.3.rel1.win32_1.0.100.202403111256/tools/bin/../lib/gcc/arm-none-eabi/12.3.1/thumb/v7e-m+fp/hard/crti.o
                0x08002dd0                _init
 .init          0x08002dd4        0x8 C:/ST/STM32CubeIDE_1.15.0/STM32CubeIDE/plugins/com.st.stm32cube.ide.mcu.externaltools.gnu-tools-for-stm32.12.3.rel1.win32_1.0.100.202403111256/tools/bin/../lib/gcc/arm-none-eabi/12.3.1/thumb/v7e-m+fp/hard/crtn.o
 *(.fini)
 .fini          0x08002ddc        0x4 C:/ST/STM32CubeIDE_1.15.0/STM32CubeIDE/plugins/com.st.stm32cube.ide.mcu.externaltools.gnu-tools-for-stm32.12.3.rel1.win32_1.0.100.202403111256/tools/bin/../lib/gcc/arm-none-eabi/12.3.1/thumb/v7e-m+fp/hard/crti.o
                0x08002ddc                _fini
 .fini          0x08002de0        0x8 C:/ST/STM32CubeIDE_1.15.0/STM32CubeIDE/plugins/com.st.stm32cube.ide.mcu.externaltools.gnu-tools-for-stm32.12.3.rel1.win32_1.0.100.202403111256/tools/bin/../lib/gcc/arm-none-eabi/12.3.1/thumb/v7e-m+fp/hard/crtn.o
                0x08002de8                        . = ALIGN (0x4)
                0x08002de8                        _etext = .

.vfp11_veneer   0x08002de8        0x0
 .vfp11_veneer  0x08002de8        0x0 linker stubs

.v4_bx          0x08002de8        0x0
 .v4_bx         0x08002de8        0x0 linker stubs

.iplt           0x08002de8        0x0
 .iplt          0x08002de8        0x0 C:/ST/STM32CubeIDE_1.15.0/STM32CubeIDE/plugins/com.st.stm32cube.ide.mcu.externaltools.gnu-tools-for-stm32.12.3.rel1.win32_1.0.100.202403111256/tools/bin/../lib/gcc/arm-none-eabi/12.3.1/thumb/v7e-m+fp/hard/crtbegin.o

.rodata         0x08002de8       0x10
                0x08002de8                        . = ALIGN (0x4)
 *(.rodata)
 *(.rodata*)
 .rodata.AHBPrescTable
                0x08002de8       0x10 ./Core/Src/system_stm32f4xx.o
                0x08002de8                AHBPrescTable
                0x08002df8                        . = ALIGN (0x4)

.ARM.extab      0x08002df8        0x0
                0x08002df8                        . = ALIGN (0x4)
 *(.ARM.extab* .gnu.linkonce.armextab.*)
                0x08002df8                        . = ALIGN (0x4)

.ARM            0x08002df8        0x8
                0x08002df8                        . = ALIGN (0x4)
                0x08002df8                        __exidx_start = .
 *(.ARM.exidx*)
 .ARM.exidx     0x08002df8        0x8 C:/ST/STM32CubeIDE_1.15.0/STM32CubeIDE/plugins/com.st.stm32cube.ide.mcu.externaltools.gnu-tools-for-stm32.12.3.rel1.win32_1.0.100.202403111256/tools/bin/../lib/gcc/arm-none-eabi/12.3.1/thumb/v7e-m+fp/hard\libgcc.a(_udivmoddi4.o)
                0x08002e00                        __exidx_end = .
                0x08002e00                        . = ALIGN (0x4)

.preinit_array  0x08002e00        0x0
                0x08002e00                        . = ALIGN (0x4)
                0x08002e00                        PROVIDE (__preinit_array_start = .)
 *(.preinit_array*)
                0x08002e00                        PROVIDE (__preinit_array_end = .)
                0x08002e00                        . = ALIGN (0x4)

.init_array     0x08002e00        0x4
                0x08002e00                        . = ALIGN (0x4)
                0x08002e00                        PROVIDE (__init_array_start = .)
 *(SORT_BY_NAME(.init_array.*))
 *(.init_array*)
 .init_array    0x08002e00        0x4 C:/ST/STM32CubeIDE_1.15.0/STM32CubeIDE/plugins/com.st.stm32cube.ide.mcu.externaltools.gnu-tools-for-stm32.12.3.rel1.win32_1.0.100.202403111256/tools/bin/../lib/gcc/arm-none-eabi/12.3.1/thumb/v7e-m+fp/hard/crtbegin.o
                0x08002e04                        PROVIDE (__init_array_end = .)
                0x08002e04                        . = ALIGN (0x4)

.fini_array     0x08002e04        0x4
                0x08002e04                        . = ALIGN (0x4)
                [!provide]                        PROVIDE (__fini_array_start = .)
 *(SORT_BY_NAME(.fini_array.*))
 *(.fini_array*)
 .fini_array    0x08002e04        0x4 C:/ST/STM32CubeIDE_1.15.0/STM32CubeIDE/plugins/com.st.stm32cube.ide.mcu.externaltools.gnu-tools-for-stm32.12.3.rel1.win32_1.0.100.202403111256/tools/bin/../lib/gcc/arm-none-eabi/12.3.1/thumb/v7e-m+fp/hard/crtbegin.o
                [!provide]                        PROVIDE (__fini_array_end = .)
                0x08002e08                        . = ALIGN (0x4)
                0x08002e08                        _sidata = LOADADDR (.data)

.rel.dyn        0x08002e08        0x0
 .rel.iplt      0x08002e08        0x0 C:/ST/STM32CubeIDE_1.15.0/STM32CubeIDE/plugins/com.st.stm32cube.ide.mcu.externaltools.gnu-tools-for-stm32.12.3.rel1.win32_1.0.100.202403111256/tools/bin/../lib/gcc/arm-none-eabi/12.3.1/thumb/v7e-m+fp/hard/crtbegin.o

.data           0x20000000     0x1ff4 load address 0x08002e08
                0x20000000                        . = ALIGN (0x4)
                0x20000000                        _sdata = .
 *(.data)
 *(.data*)
 .data.circumference
                0x20000000        0x8 ./Core/Src/cut_code.o
                0x20000000                circumference
 .data.CCR_MIN  0x20000008        0x4 ./Core/Src/cut_code.o
                0x20000008                CCR_MIN
 .data.CCR_MAX  0x2000000c        0x4 ./Core/Src/cut_code.o
                0x2000000c                CCR_MAX
 .data.CCR      0x20000010        0x4 ./Core/Src/cut_code.o
                0x20000010                CCR
 .data.PWM_TIM  0x20000014        0x4 ./Core/Src/cut_code.o
                0x20000014                PWM_TIM
 .data.Lock_TIM
                0x20000018        0x4 ./Core/Src/cut_code.o
                0x20000018                Lock_TIM
 .data.Lock_Multiplier
                0x2000001c        0x4 ./Core/Src/cut_code.o
                0x2000001c                Lock_Multiplier
 .data.Lock_Buffer
                0x20000020        0x4 ./Core/Src/cut_code.o
                0x20000020                Lock_Buffer
 *fill*         0x20000024        0x4 
 .data.steps_to_inches
                0x20000028        0x8 ./Core/Src/cut_code.o
                0x20000028                steps_to_inches
 .data.Pulse_Pin
                0x20000030        0x2 ./Core/Src/cut_code.o
                0x20000030                Pulse_Pin
 *fill*         0x20000032        0x2 
 .data.Pulse_Port
                0x20000034        0x4 ./Core/Src/cut_code.o
                0x20000034                Pulse_Port
 .data.Dir_Pin  0x20000038        0x2 ./Core/Src/cut_code.o
                0x20000038                Dir_Pin
 *fill*         0x2000003a        0x2 
 .data.Dir_Port
                0x2000003c        0x4 ./Core/Src/cut_code.o
                0x2000003c                Dir_Port
 .data.Move_Down_Pin
                0x20000040        0x2 ./Core/Src/cut_code.o
                0x20000040                Move_Down_Pin
 *fill*         0x20000042        0x2 
 .data.Move_Down_Port
                0x20000044        0x4 ./Core/Src/cut_code.o
                0x20000044                Move_Down_Port
 .data.Move_Up_Pin
                0x20000048        0x2 ./Core/Src/cut_code.o
                0x20000048                Move_Up_Pin
 *fill*         0x2000004a        0x2 
 .data.Move_Up_Port
                0x2000004c        0x4 ./Core/Src/cut_code.o
                0x2000004c                Move_Up_Port
 .data.step_htim
                0x20000050        0x4 ./Core/Src/cut_code.o
                0x20000050                step_htim
 .data.num_instructions
                0x20000054        0x4 ./Core/Src/cut_code.o
                0x20000054                num_instructions
 .data.cut_instructions
                0x20000058     0x1f40 ./Core/Src/cut_code.o
                0x20000058                cut_instructions
 .data.SystemCoreClock
                0x20001f98        0x4 ./Core/Src/system_stm32f4xx.o
                0x20001f98                SystemCoreClock
 .data.uwTickPrio
                0x20001f9c        0x4 ./Drivers/STM32F4xx_HAL_Driver/Src/stm32f4xx_hal.o
                0x20001f9c                uwTickPrio
 .data.uwTickFreq
                0x20001fa0        0x1 ./Drivers/STM32F4xx_HAL_Driver/Src/stm32f4xx_hal.o
                0x20001fa0                uwTickFreq
 *fill*         0x20001fa1        0x3 
 .data._impure_ptr
                0x20001fa4        0x4 C:/ST/STM32CubeIDE_1.15.0/STM32CubeIDE/plugins/com.st.stm32cube.ide.mcu.externaltools.gnu-tools-for-stm32.12.3.rel1.win32_1.0.100.202403111256/tools/bin/../lib/gcc/arm-none-eabi/12.3.1/../../../../arm-none-eabi/lib/thumb/v7e-m+fp/hard\libc_nano.a(libc_a-impure.o)
                0x20001fa4                _impure_ptr
 .data._impure_data
                0x20001fa8       0x4c C:/ST/STM32CubeIDE_1.15.0/STM32CubeIDE/plugins/com.st.stm32cube.ide.mcu.externaltools.gnu-tools-for-stm32.12.3.rel1.win32_1.0.100.202403111256/tools/bin/../lib/gcc/arm-none-eabi/12.3.1/../../../../arm-none-eabi/lib/thumb/v7e-m+fp/hard\libc_nano.a(libc_a-impure.o)
                0x20001fa8                _impure_data
 *(.RamFunc)
 *(.RamFunc*)
                0x20001ff4                        . = ALIGN (0x4)
                0x20001ff4                        _edata = .

.igot.plt       0x20001ff4        0x0 load address 0x08004dfc
 .igot.plt      0x20001ff4        0x0 C:/ST/STM32CubeIDE_1.15.0/STM32CubeIDE/plugins/com.st.stm32cube.ide.mcu.externaltools.gnu-tools-for-stm32.12.3.rel1.win32_1.0.100.202403111256/tools/bin/../lib/gcc/arm-none-eabi/12.3.1/thumb/v7e-m+fp/hard/crtbegin.o
                0x20001ff4                        . = ALIGN (0x4)

.bss            0x20001ff4      0x2dc load address 0x08004dfc
                0x20001ff4                        _sbss = .
                0x20001ff4                        __bss_start__ = _sbss
 *(.bss)
 .bss           0x20001ff4       0x1c C:/ST/STM32CubeIDE_1.15.0/STM32CubeIDE/plugins/com.st.stm32cube.ide.mcu.externaltools.gnu-tools-for-stm32.12.3.rel1.win32_1.0.100.202403111256/tools/bin/../lib/gcc/arm-none-eabi/12.3.1/thumb/v7e-m+fp/hard/crtbegin.o
 *(.bss*)
 .bss.PWM_TIM_CH
                0x20002010        0x4 ./Core/Src/cut_code.o
                0x20002010                PWM_TIM_CH
 .bss.cutter    0x20002014        0x4 ./Core/Src/main.o
                0x20002014                cutter
 .bss.__sbrk_heap_end
                0x20002018        0x4 ./Core/Src/sysmem.o
 .bss.htim2     0x2000201c       0x48 ./Core/Src/tim.o
                0x2000201c                htim2
 .bss.htim3     0x20002064       0x48 ./Core/Src/tim.o
                0x20002064                htim3
 .bss.htim4     0x200020ac       0x48 ./Core/Src/tim.o
                0x200020ac                htim4
 .bss.htim5     0x200020f4       0x48 ./Core/Src/tim.o
                0x200020f4                htim5
 .bss.htim7     0x2000213c       0x48 ./Core/Src/tim.o
                0x2000213c                htim7
 .bss.uwTick    0x20002184        0x4 ./Drivers/STM32F4xx_HAL_Driver/Src/stm32f4xx_hal.o
                0x20002184                uwTick
 .bss.__malloc_sbrk_start
                0x20002188        0x4 C:/ST/STM32CubeIDE_1.15.0/STM32CubeIDE/plugins/com.st.stm32cube.ide.mcu.externaltools.gnu-tools-for-stm32.12.3.rel1.win32_1.0.100.202403111256/tools/bin/../lib/gcc/arm-none-eabi/12.3.1/../../../../arm-none-eabi/lib/thumb/v7e-m+fp/hard\libc_nano.a(libc_a-mallocr.o)
                0x20002188                __malloc_sbrk_start
 .bss.__malloc_free_list
                0x2000218c        0x4 C:/ST/STM32CubeIDE_1.15.0/STM32CubeIDE/plugins/com.st.stm32cube.ide.mcu.externaltools.gnu-tools-for-stm32.12.3.rel1.win32_1.0.100.202403111256/tools/bin/../lib/gcc/arm-none-eabi/12.3.1/../../../../arm-none-eabi/lib/thumb/v7e-m+fp/hard\libc_nano.a(libc_a-mallocr.o)
                0x2000218c                __malloc_free_list
 .bss.__sf      0x20002190      0x138 C:/ST/STM32CubeIDE_1.15.0/STM32CubeIDE/plugins/com.st.stm32cube.ide.mcu.externaltools.gnu-tools-for-stm32.12.3.rel1.win32_1.0.100.202403111256/tools/bin/../lib/gcc/arm-none-eabi/12.3.1/../../../../arm-none-eabi/lib/thumb/v7e-m+fp/hard\libc_nano.a(libc_a-findfp.o)
                0x20002190                __sf
 .bss.errno     0x200022c8        0x4 C:/ST/STM32CubeIDE_1.15.0/STM32CubeIDE/plugins/com.st.stm32cube.ide.mcu.externaltools.gnu-tools-for-stm32.12.3.rel1.win32_1.0.100.202403111256/tools/bin/../lib/gcc/arm-none-eabi/12.3.1/../../../../arm-none-eabi/lib/thumb/v7e-m+fp/hard\libc_nano.a(libc_a-reent.o)
                0x200022c8                errno
 .bss.__lock___malloc_recursive_mutex
                0x200022cc        0x1 C:/ST/STM32CubeIDE_1.15.0/STM32CubeIDE/plugins/com.st.stm32cube.ide.mcu.externaltools.gnu-tools-for-stm32.12.3.rel1.win32_1.0.100.202403111256/tools/bin/../lib/gcc/arm-none-eabi/12.3.1/../../../../arm-none-eabi/lib/thumb/v7e-m+fp/hard\libc_nano.a(libc_a-lock.o)
                0x200022cc                __lock___malloc_recursive_mutex
 *(COMMON)
                0x200022d0                        . = ALIGN (0x4)
 *fill*         0x200022cd        0x3 
                0x200022d0                        _ebss = .
                0x200022d0                        __bss_end__ = _ebss

._user_heap_stack
                0x200022d0      0x600 load address 0x08004dfc
                0x200022d0                        . = ALIGN (0x8)
                [!provide]                        PROVIDE (end = .)
                0x200022d0                        PROVIDE (_end = .)
                0x200024d0                        . = (. + _Min_Heap_Size)
 *fill*         0x200022d0      0x200 
                0x200028d0                        . = (. + _Min_Stack_Size)
 *fill*         0x200024d0      0x400 
                0x200028d0                        . = ALIGN (0x8)

/DISCARD/
 libc.a(*)
 libm.a(*)
 libgcc.a(*)

.ARM.attributes
                0x00000000       0x30
 *(.ARM.attributes)
 .ARM.attributes
                0x00000000       0x22 C:/ST/STM32CubeIDE_1.15.0/STM32CubeIDE/plugins/com.st.stm32cube.ide.mcu.externaltools.gnu-tools-for-stm32.12.3.rel1.win32_1.0.100.202403111256/tools/bin/../lib/gcc/arm-none-eabi/12.3.1/thumb/v7e-m+fp/hard/crti.o
 .ARM.attributes
                0x00000022       0x34 C:/ST/STM32CubeIDE_1.15.0/STM32CubeIDE/plugins/com.st.stm32cube.ide.mcu.externaltools.gnu-tools-for-stm32.12.3.rel1.win32_1.0.100.202403111256/tools/bin/../lib/gcc/arm-none-eabi/12.3.1/thumb/v7e-m+fp/hard/crtbegin.o
 .ARM.attributes
                0x00000056       0x34 ./Core/Src/buttons.o
 .ARM.attributes
                0x0000008a       0x34 ./Core/Src/cut_code.o
 .ARM.attributes
                0x000000be       0x34 ./Core/Src/cutter.o
 .ARM.attributes
                0x000000f2       0x34 ./Core/Src/gpio.o
 .ARM.attributes
                0x00000126       0x34 ./Core/Src/main.o
 .ARM.attributes
                0x0000015a       0x34 ./Core/Src/stm32f4xx_hal_msp.o
 .ARM.attributes
                0x0000018e       0x34 ./Core/Src/stm32f4xx_it.o
 .ARM.attributes
                0x000001c2       0x34 ./Core/Src/sysmem.o
 .ARM.attributes
                0x000001f6       0x34 ./Core/Src/system_stm32f4xx.o
 .ARM.attributes
                0x0000022a       0x34 ./Core/Src/tim.o
 .ARM.attributes
                0x0000025e       0x21 ./Core/Startup/startup_stm32f412vetx.o
 .ARM.attributes
                0x0000027f       0x34 ./Drivers/STM32F4xx_HAL_Driver/Src/stm32f4xx_hal.o
 .ARM.attributes
                0x000002b3       0x34 ./Drivers/STM32F4xx_HAL_Driver/Src/stm32f4xx_hal_cortex.o
 .ARM.attributes
                0x000002e7       0x34 ./Drivers/STM32F4xx_HAL_Driver/Src/stm32f4xx_hal_gpio.o
 .ARM.attributes
                0x0000031b       0x34 ./Drivers/STM32F4xx_HAL_Driver/Src/stm32f4xx_hal_rcc.o
 .ARM.attributes
                0x0000034f       0x34 ./Drivers/STM32F4xx_HAL_Driver/Src/stm32f4xx_hal_rcc_ex.o
 .ARM.attributes
                0x00000383       0x34 ./Drivers/STM32F4xx_HAL_Driver/Src/stm32f4xx_hal_tim.o
 .ARM.attributes
                0x000003b7       0x34 ./Drivers/STM32F4xx_HAL_Driver/Src/stm32f4xx_hal_tim_ex.o
 .ARM.attributes
                0x000003eb       0x34 C:/ST/STM32CubeIDE_1.15.0/STM32CubeIDE/plugins/com.st.stm32cube.ide.mcu.externaltools.gnu-tools-for-stm32.12.3.rel1.win32_1.0.100.202403111256/tools/bin/../lib/gcc/arm-none-eabi/12.3.1/../../../../arm-none-eabi/lib/thumb/v7e-m+fp/hard\libc_nano.a(libc_a-malloc.o)
 .ARM.attributes
                0x0000041f       0x34 C:/ST/STM32CubeIDE_1.15.0/STM32CubeIDE/plugins/com.st.stm32cube.ide.mcu.externaltools.gnu-tools-for-stm32.12.3.rel1.win32_1.0.100.202403111256/tools/bin/../lib/gcc/arm-none-eabi/12.3.1/../../../../arm-none-eabi/lib/thumb/v7e-m+fp/hard\libc_nano.a(libc_a-mallocr.o)
 .ARM.attributes
                0x00000453       0x34 C:/ST/STM32CubeIDE_1.15.0/STM32CubeIDE/plugins/com.st.stm32cube.ide.mcu.externaltools.gnu-tools-for-stm32.12.3.rel1.win32_1.0.100.202403111256/tools/bin/../lib/gcc/arm-none-eabi/12.3.1/../../../../arm-none-eabi/lib/thumb/v7e-m+fp/hard\libc_nano.a(libc_a-mlock.o)
 .ARM.attributes
                0x00000487       0x34 C:/ST/STM32CubeIDE_1.15.0/STM32CubeIDE/plugins/com.st.stm32cube.ide.mcu.externaltools.gnu-tools-for-stm32.12.3.rel1.win32_1.0.100.202403111256/tools/bin/../lib/gcc/arm-none-eabi/12.3.1/../../../../arm-none-eabi/lib/thumb/v7e-m+fp/hard\libc_nano.a(libc_a-findfp.o)
 .ARM.attributes
                0x000004bb       0x34 C:/ST/STM32CubeIDE_1.15.0/STM32CubeIDE/plugins/com.st.stm32cube.ide.mcu.externaltools.gnu-tools-for-stm32.12.3.rel1.win32_1.0.100.202403111256/tools/bin/../lib/gcc/arm-none-eabi/12.3.1/../../../../arm-none-eabi/lib/thumb/v7e-m+fp/hard\libc_nano.a(libc_a-memset.o)
 .ARM.attributes
                0x000004ef       0x34 C:/ST/STM32CubeIDE_1.15.0/STM32CubeIDE/plugins/com.st.stm32cube.ide.mcu.externaltools.gnu-tools-for-stm32.12.3.rel1.win32_1.0.100.202403111256/tools/bin/../lib/gcc/arm-none-eabi/12.3.1/../../../../arm-none-eabi/lib/thumb/v7e-m+fp/hard\libc_nano.a(libc_a-reent.o)
 .ARM.attributes
                0x00000523       0x34 C:/ST/STM32CubeIDE_1.15.0/STM32CubeIDE/plugins/com.st.stm32cube.ide.mcu.externaltools.gnu-tools-for-stm32.12.3.rel1.win32_1.0.100.202403111256/tools/bin/../lib/gcc/arm-none-eabi/12.3.1/../../../../arm-none-eabi/lib/thumb/v7e-m+fp/hard\libc_nano.a(libc_a-impure.o)
 .ARM.attributes
                0x00000557       0x34 C:/ST/STM32CubeIDE_1.15.0/STM32CubeIDE/plugins/com.st.stm32cube.ide.mcu.externaltools.gnu-tools-for-stm32.12.3.rel1.win32_1.0.100.202403111256/tools/bin/../lib/gcc/arm-none-eabi/12.3.1/../../../../arm-none-eabi/lib/thumb/v7e-m+fp/hard\libc_nano.a(libc_a-sbrkr.o)
 .ARM.attributes
                0x0000058b       0x34 C:/ST/STM32CubeIDE_1.15.0/STM32CubeIDE/plugins/com.st.stm32cube.ide.mcu.externaltools.gnu-tools-for-stm32.12.3.rel1.win32_1.0.100.202403111256/tools/bin/../lib/gcc/arm-none-eabi/12.3.1/../../../../arm-none-eabi/lib/thumb/v7e-m+fp/hard\libc_nano.a(libc_a-errno.o)
 .ARM.attributes
                0x000005bf       0x34 C:/ST/STM32CubeIDE_1.15.0/STM32CubeIDE/plugins/com.st.stm32cube.ide.mcu.externaltools.gnu-tools-for-stm32.12.3.rel1.win32_1.0.100.202403111256/tools/bin/../lib/gcc/arm-none-eabi/12.3.1/../../../../arm-none-eabi/lib/thumb/v7e-m+fp/hard\libc_nano.a(libc_a-init.o)
 .ARM.attributes
                0x000005f3       0x34 C:/ST/STM32CubeIDE_1.15.0/STM32CubeIDE/plugins/com.st.stm32cube.ide.mcu.externaltools.gnu-tools-for-stm32.12.3.rel1.win32_1.0.100.202403111256/tools/bin/../lib/gcc/arm-none-eabi/12.3.1/../../../../arm-none-eabi/lib/thumb/v7e-m+fp/hard\libc_nano.a(libc_a-lock.o)
 .ARM.attributes
                0x00000627       0x22 C:/ST/STM32CubeIDE_1.15.0/STM32CubeIDE/plugins/com.st.stm32cube.ide.mcu.externaltools.gnu-tools-for-stm32.12.3.rel1.win32_1.0.100.202403111256/tools/bin/../lib/gcc/arm-none-eabi/12.3.1/thumb/v7e-m+fp/hard\libgcc.a(_aeabi_uldivmod.o)
 .ARM.attributes
                0x00000649       0x34 C:/ST/STM32CubeIDE_1.15.0/STM32CubeIDE/plugins/com.st.stm32cube.ide.mcu.externaltools.gnu-tools-for-stm32.12.3.rel1.win32_1.0.100.202403111256/tools/bin/../lib/gcc/arm-none-eabi/12.3.1/thumb/v7e-m+fp/hard\libgcc.a(_udivmoddi4.o)
 .ARM.attributes
                0x0000067d       0x22 C:/ST/STM32CubeIDE_1.15.0/STM32CubeIDE/plugins/com.st.stm32cube.ide.mcu.externaltools.gnu-tools-for-stm32.12.3.rel1.win32_1.0.100.202403111256/tools/bin/../lib/gcc/arm-none-eabi/12.3.1/thumb/v7e-m+fp/hard\libgcc.a(_dvmd_tls.o)
 .ARM.attributes
                0x0000069f       0x22 C:/ST/STM32CubeIDE_1.15.0/STM32CubeIDE/plugins/com.st.stm32cube.ide.mcu.externaltools.gnu-tools-for-stm32.12.3.rel1.win32_1.0.100.202403111256/tools/bin/../lib/gcc/arm-none-eabi/12.3.1/thumb/v7e-m+fp/hard/crtn.o
OUTPUT(Tube_Cutter_F412VxT.elf elf32-littlearm)
LOAD linker stubs
LOAD C:/ST/STM32CubeIDE_1.15.0/STM32CubeIDE/plugins/com.st.stm32cube.ide.mcu.externaltools.gnu-tools-for-stm32.12.3.rel1.win32_1.0.100.202403111256/tools/bin/../lib/gcc/arm-none-eabi/12.3.1/../../../../arm-none-eabi/lib/thumb/v7e-m+fp/hard\libc.a
LOAD C:/ST/STM32CubeIDE_1.15.0/STM32CubeIDE/plugins/com.st.stm32cube.ide.mcu.externaltools.gnu-tools-for-stm32.12.3.rel1.win32_1.0.100.202403111256/tools/bin/../lib/gcc/arm-none-eabi/12.3.1/../../../../arm-none-eabi/lib/thumb/v7e-m+fp/hard\libm.a
LOAD C:/ST/STM32CubeIDE_1.15.0/STM32CubeIDE/plugins/com.st.stm32cube.ide.mcu.externaltools.gnu-tools-for-stm32.12.3.rel1.win32_1.0.100.202403111256/tools/bin/../lib/gcc/arm-none-eabi/12.3.1/thumb/v7e-m+fp/hard\libgcc.a

.debug_info     0x00000000     0xbc3e
 .debug_info    0x00000000      0xafb ./Core/Src/buttons.o
 .debug_info    0x00000afb      0x925 ./Core/Src/cut_code.o
 .debug_info    0x00001420      0xd9e ./Core/Src/cutter.o
 .debug_info    0x000021be      0x680 ./Core/Src/gpio.o
 .debug_info    0x0000283e      0xe94 ./Core/Src/main.o
 .debug_info    0x000036d2      0x299 ./Core/Src/stm32f4xx_hal_msp.o
 .debug_info    0x0000396b      0x14a ./Core/Src/stm32f4xx_it.o
 .debug_info    0x00003ab5      0x168 ./Core/Src/sysmem.o
 .debug_info    0x00003c1d      0x54a ./Core/Src/system_stm32f4xx.o
 .debug_info    0x00004167      0xdcb ./Core/Src/tim.o
 .debug_info    0x00004f32       0x30 ./Core/Startup/startup_stm32f412vetx.o
 .debug_info    0x00004f62      0x96a ./Drivers/STM32F4xx_HAL_Driver/Src/stm32f4xx_hal.o
 .debug_info    0x000058cc      0xd45 ./Drivers/STM32F4xx_HAL_Driver/Src/stm32f4xx_hal_cortex.o
 .debug_info    0x00006611      0x70b ./Drivers/STM32F4xx_HAL_Driver/Src/stm32f4xx_hal_gpio.o
 .debug_info    0x00006d1c      0x8ed ./Drivers/STM32F4xx_HAL_Driver/Src/stm32f4xx_hal_rcc.o
 .debug_info    0x00007609      0x7bd ./Drivers/STM32F4xx_HAL_Driver/Src/stm32f4xx_hal_rcc_ex.o
 .debug_info    0x00007dc6     0x299d ./Drivers/STM32F4xx_HAL_Driver/Src/stm32f4xx_hal_tim.o
 .debug_info    0x0000a763     0x14db ./Drivers/STM32F4xx_HAL_Driver/Src/stm32f4xx_hal_tim_ex.o

.debug_abbrev   0x00000000     0x2079
 .debug_abbrev  0x00000000      0x21b ./Core/Src/buttons.o
 .debug_abbrev  0x0000021b      0x173 ./Core/Src/cut_code.o
 .debug_abbrev  0x0000038e      0x23f ./Core/Src/cutter.o
 .debug_abbrev  0x000005cd      0x174 ./Core/Src/gpio.o
 .debug_abbrev  0x00000741      0x285 ./Core/Src/main.o
 .debug_abbrev  0x000009c6       0xd8 ./Core/Src/stm32f4xx_hal_msp.o
 .debug_abbrev  0x00000a9e       0xa0 ./Core/Src/stm32f4xx_it.o
 .debug_abbrev  0x00000b3e       0xbc ./Core/Src/sysmem.o
 .debug_abbrev  0x00000bfa      0x11a ./Core/Src/system_stm32f4xx.o
 .debug_abbrev  0x00000d14      0x29c ./Core/Src/tim.o
 .debug_abbrev  0x00000fb0       0x24 ./Core/Startup/startup_stm32f412vetx.o
 .debug_abbrev  0x00000fd4      0x214 ./Drivers/STM32F4xx_HAL_Driver/Src/stm32f4xx_hal.o
 .debug_abbrev  0x000011e8      0x328 ./Drivers/STM32F4xx_HAL_Driver/Src/stm32f4xx_hal_cortex.o
 .debug_abbrev  0x00001510      0x1d4 ./Drivers/STM32F4xx_HAL_Driver/Src/stm32f4xx_hal_gpio.o
 .debug_abbrev  0x000016e4      0x2b6 ./Drivers/STM32F4xx_HAL_Driver/Src/stm32f4xx_hal_rcc.o
 .debug_abbrev  0x0000199a      0x1e4 ./Drivers/STM32F4xx_HAL_Driver/Src/stm32f4xx_hal_rcc_ex.o
 .debug_abbrev  0x00001b7e      0x278 ./Drivers/STM32F4xx_HAL_Driver/Src/stm32f4xx_hal_tim.o
 .debug_abbrev  0x00001df6      0x283 ./Drivers/STM32F4xx_HAL_Driver/Src/stm32f4xx_hal_tim_ex.o

.debug_aranges  0x00000000      0xb00
 .debug_aranges
                0x00000000       0x30 ./Core/Src/buttons.o
 .debug_aranges
                0x00000030       0x18 ./Core/Src/cut_code.o
 .debug_aranges
                0x00000048       0x78 ./Core/Src/cutter.o
 .debug_aranges
                0x000000c0       0x20 ./Core/Src/gpio.o
 .debug_aranges
                0x000000e0       0x38 ./Core/Src/main.o
 .debug_aranges
                0x00000118       0x20 ./Core/Src/stm32f4xx_hal_msp.o
 .debug_aranges
                0x00000138       0x68 ./Core/Src/stm32f4xx_it.o
 .debug_aranges
                0x000001a0       0x20 ./Core/Src/sysmem.o
 .debug_aranges
                0x000001c0       0x28 ./Core/Src/system_stm32f4xx.o
 .debug_aranges
                0x000001e8       0x68 ./Core/Src/tim.o
 .debug_aranges
                0x00000250       0x28 ./Core/Startup/startup_stm32f412vetx.o
 .debug_aranges
                0x00000278       0xf0 ./Drivers/STM32F4xx_HAL_Driver/Src/stm32f4xx_hal.o
 .debug_aranges
                0x00000368      0x120 ./Drivers/STM32F4xx_HAL_Driver/Src/stm32f4xx_hal_cortex.o
 .debug_aranges
                0x00000488       0x58 ./Drivers/STM32F4xx_HAL_Driver/Src/stm32f4xx_hal_gpio.o
 .debug_aranges
                0x000004e0       0x88 ./Drivers/STM32F4xx_HAL_Driver/Src/stm32f4xx_hal_rcc.o
 .debug_aranges
                0x00000568       0x60 ./Drivers/STM32F4xx_HAL_Driver/Src/stm32f4xx_hal_rcc_ex.o
 .debug_aranges
                0x000005c8      0x3d0 ./Drivers/STM32F4xx_HAL_Driver/Src/stm32f4xx_hal_tim.o
 .debug_aranges
                0x00000998      0x168 ./Drivers/STM32F4xx_HAL_Driver/Src/stm32f4xx_hal_tim_ex.o

.debug_rnglists
                0x00000000      0x854
 .debug_rnglists
                0x00000000       0x1f ./Core/Src/buttons.o
 .debug_rnglists
                0x0000001f       0x59 ./Core/Src/cutter.o
 .debug_rnglists
                0x00000078       0x14 ./Core/Src/gpio.o
 .debug_rnglists
                0x0000008c       0x26 ./Core/Src/main.o
 .debug_rnglists
                0x000000b2       0x13 ./Core/Src/stm32f4xx_hal_msp.o
 .debug_rnglists
                0x000000c5       0x49 ./Core/Src/stm32f4xx_it.o
 .debug_rnglists
                0x0000010e       0x13 ./Core/Src/sysmem.o
 .debug_rnglists
                0x00000121       0x1a ./Core/Src/system_stm32f4xx.o
 .debug_rnglists
                0x0000013b       0x4f ./Core/Src/tim.o
 .debug_rnglists
                0x0000018a       0x19 ./Core/Startup/startup_stm32f412vetx.o
 .debug_rnglists
                0x000001a3       0xaf ./Drivers/STM32F4xx_HAL_Driver/Src/stm32f4xx_hal.o
 .debug_rnglists
                0x00000252       0xd4 ./Drivers/STM32F4xx_HAL_Driver/Src/stm32f4xx_hal_cortex.o
 .debug_rnglists
                0x00000326       0x3f ./Drivers/STM32F4xx_HAL_Driver/Src/stm32f4xx_hal_gpio.o
 .debug_rnglists
                0x00000365       0x66 ./Drivers/STM32F4xx_HAL_Driver/Src/stm32f4xx_hal_rcc.o
 .debug_rnglists
                0x000003cb       0x4a ./Drivers/STM32F4xx_HAL_Driver/Src/stm32f4xx_hal_rcc_ex.o
 .debug_rnglists
                0x00000415      0x31a ./Drivers/STM32F4xx_HAL_Driver/Src/stm32f4xx_hal_tim.o
 .debug_rnglists
                0x0000072f      0x125 ./Drivers/STM32F4xx_HAL_Driver/Src/stm32f4xx_hal_tim_ex.o

.debug_macro    0x00000000    0x1fdcb
 .debug_macro   0x00000000      0x1e7 ./Core/Src/buttons.o
 .debug_macro   0x000001e7      0xab4 ./Core/Src/buttons.o
 .debug_macro   0x00000c9b      0x295 ./Core/Src/buttons.o
 .debug_macro   0x00000f30       0x2e ./Core/Src/buttons.o
 .debug_macro   0x00000f5e       0x28 ./Core/Src/buttons.o
 .debug_macro   0x00000f86       0x22 ./Core/Src/buttons.o
 .debug_macro   0x00000fa8       0x8e ./Core/Src/buttons.o
 .debug_macro   0x00001036       0x51 ./Core/Src/buttons.o
 .debug_macro   0x00001087      0x103 ./Core/Src/buttons.o
 .debug_macro   0x0000118a       0x6a ./Core/Src/buttons.o
 .debug_macro   0x000011f4      0x1df ./Core/Src/buttons.o
 .debug_macro   0x000013d3       0x1c ./Core/Src/buttons.o
 .debug_macro   0x000013ef       0x22 ./Core/Src/buttons.o
 .debug_macro   0x00001411       0xfb ./Core/Src/buttons.o
 .debug_macro   0x0000150c     0x1011 ./Core/Src/buttons.o
 .debug_macro   0x0000251d      0x11f ./Core/Src/buttons.o
 .debug_macro   0x0000263c    0x146e9 ./Core/Src/buttons.o
 .debug_macro   0x00016d25       0x6d ./Core/Src/buttons.o
 .debug_macro   0x00016d92     0x368c ./Core/Src/buttons.o
 .debug_macro   0x0001a41e      0x189 ./Core/Src/buttons.o
 .debug_macro   0x0001a5a7       0x5c ./Core/Src/buttons.o
 .debug_macro   0x0001a603      0x92c ./Core/Src/buttons.o
 .debug_macro   0x0001af2f      0x9e9 ./Core/Src/buttons.o
 .debug_macro   0x0001b918      0x115 ./Core/Src/buttons.o
 .debug_macro   0x0001ba2d      0x192 ./Core/Src/buttons.o
 .debug_macro   0x0001bbbf       0xa5 ./Core/Src/buttons.o
 .debug_macro   0x0001bc64      0x15f ./Core/Src/buttons.o
 .debug_macro   0x0001bdc3      0x287 ./Core/Src/buttons.o
 .debug_macro   0x0001c04a       0x5f ./Core/Src/buttons.o
 .debug_macro   0x0001c0a9      0x236 ./Core/Src/buttons.o
 .debug_macro   0x0001c2df      0x132 ./Core/Src/buttons.o
 .debug_macro   0x0001c411      0x29c ./Core/Src/buttons.o
 .debug_macro   0x0001c6ad       0x2e ./Core/Src/buttons.o
 .debug_macro   0x0001c6db      0x127 ./Core/Src/buttons.o
 .debug_macro   0x0001c802       0x91 ./Core/Src/buttons.o
 .debug_macro   0x0001c893       0x89 ./Core/Src/buttons.o
 .debug_macro   0x0001c91c      0x8ed ./Core/Src/buttons.o
 .debug_macro   0x0001d209       0x4d ./Core/Src/buttons.o
 .debug_macro   0x0001d256      0x126 ./Core/Src/buttons.o
 .debug_macro   0x0001d37c       0x9a ./Core/Src/buttons.o
 .debug_macro   0x0001d416      0x1e1 ./Core/Src/cut_code.o
 .debug_macro   0x0001d5f7      0x2b1 ./Core/Src/cutter.o
 .debug_macro   0x0001d8a8       0x2a ./Core/Src/cutter.o
 .debug_macro   0x0001d8d2       0x61 ./Core/Src/cutter.o
 .debug_macro   0x0001d933       0x43 ./Core/Src/cutter.o
 .debug_macro   0x0001d976       0x34 ./Core/Src/cutter.o
 .debug_macro   0x0001d9aa       0x16 ./Core/Src/cutter.o
 .debug_macro   0x0001d9c0      0x11c ./Core/Src/cutter.o
 .debug_macro   0x0001dadc       0x94 ./Core/Src/cutter.o
 .debug_macro   0x0001db70       0x16 ./Core/Src/cutter.o
 .debug_macro   0x0001db86       0x43 ./Core/Src/cutter.o
 .debug_macro   0x0001dbc9       0x34 ./Core/Src/cutter.o
 .debug_macro   0x0001dbfd       0x10 ./Core/Src/cutter.o
 .debug_macro   0x0001dc0d       0x58 ./Core/Src/cutter.o
 .debug_macro   0x0001dc65       0x8e ./Core/Src/cutter.o
 .debug_macro   0x0001dcf3       0x1c ./Core/Src/cutter.o
 .debug_macro   0x0001dd0f      0x177 ./Core/Src/cutter.o
 .debug_macro   0x0001de86      0x369 ./Core/Src/cutter.o
 .debug_macro   0x0001e1ef       0x16 ./Core/Src/cutter.o
 .debug_macro   0x0001e205       0x29 ./Core/Src/cutter.o
 .debug_macro   0x0001e22e       0x56 ./Core/Src/cutter.o
 .debug_macro   0x0001e284      0x1dd ./Core/Src/gpio.o
 .debug_macro   0x0001e461      0x1f7 ./Core/Src/main.o
 .debug_macro   0x0001e658      0x1d3 ./Core/Src/stm32f4xx_hal_msp.o
 .debug_macro   0x0001e82b      0x1dd ./Core/Src/stm32f4xx_it.o
 .debug_macro   0x0001ea08       0xff ./Core/Src/sysmem.o
 .debug_macro   0x0001eb07      0x23c ./Core/Src/sysmem.o
 .debug_macro   0x0001ed43      0x1c4 ./Core/Src/system_stm32f4xx.o
 .debug_macro   0x0001ef07      0x1dd ./Core/Src/tim.o
 .debug_macro   0x0001f0e4      0x224 ./Drivers/STM32F4xx_HAL_Driver/Src/stm32f4xx_hal.o
 .debug_macro   0x0001f308      0x1c4 ./Drivers/STM32F4xx_HAL_Driver/Src/stm32f4xx_hal_cortex.o
 .debug_macro   0x0001f4cc      0x1ca ./Drivers/STM32F4xx_HAL_Driver/Src/stm32f4xx_hal_gpio.o
 .debug_macro   0x0001f696      0x1e8 ./Drivers/STM32F4xx_HAL_Driver/Src/stm32f4xx_hal_rcc.o
 .debug_macro   0x0001f87e      0x1c4 ./Drivers/STM32F4xx_HAL_Driver/Src/stm32f4xx_hal_rcc_ex.o
 .debug_macro   0x0001fa42      0x1c5 ./Drivers/STM32F4xx_HAL_Driver/Src/stm32f4xx_hal_tim.o
 .debug_macro   0x0001fc07      0x1c4 ./Drivers/STM32F4xx_HAL_Driver/Src/stm32f4xx_hal_tim_ex.o

.debug_line     0x00000000     0xe3fd
 .debug_line    0x00000000      0x7c1 ./Core/Src/buttons.o
 .debug_line    0x000007c1      0x735 ./Core/Src/cut_code.o
 .debug_line    0x00000ef6      0xc9b ./Core/Src/cutter.o
 .debug_line    0x00001b91      0x75c ./Core/Src/gpio.o
 .debug_line    0x000022ed      0x825 ./Core/Src/main.o
 .debug_line    0x00002b12      0x736 ./Core/Src/stm32f4xx_hal_msp.o
 .debug_line    0x00003248      0x811 ./Core/Src/stm32f4xx_it.o
 .debug_line    0x00003a59      0x583 ./Core/Src/sysmem.o
 .debug_line    0x00003fdc      0x7bb ./Core/Src/system_stm32f4xx.o
 .debug_line    0x00004797      0x994 ./Core/Src/tim.o
 .debug_line    0x0000512b       0x7a ./Core/Startup/startup_stm32f412vetx.o
 .debug_line    0x000051a5      0xa24 ./Drivers/STM32F4xx_HAL_Driver/Src/stm32f4xx_hal.o
 .debug_line    0x00005bc9      0xcec ./Drivers/STM32F4xx_HAL_Driver/Src/stm32f4xx_hal_cortex.o
 .debug_line    0x000068b5      0xb74 ./Drivers/STM32F4xx_HAL_Driver/Src/stm32f4xx_hal_gpio.o
 .debug_line    0x00007429      0xda1 ./Drivers/STM32F4xx_HAL_Driver/Src/stm32f4xx_hal_rcc.o
 .debug_line    0x000081ca     0x1051 ./Drivers/STM32F4xx_HAL_Driver/Src/stm32f4xx_hal_rcc_ex.o
 .debug_line    0x0000921b     0x37c8 ./Drivers/STM32F4xx_HAL_Driver/Src/stm32f4xx_hal_tim.o
 .debug_line    0x0000c9e3     0x1a1a ./Drivers/STM32F4xx_HAL_Driver/Src/stm32f4xx_hal_tim_ex.o

.debug_str      0x00000000    0xbfd67
 .debug_str     0x00000000    0xb980c ./Core/Src/buttons.o
                              0xb9b85 (size before relaxing)
 .debug_str     0x000b980c       0x67 ./Core/Src/cut_code.o
                              0xb997e (size before relaxing)
 .debug_str     0x000b9873     0x332d ./Core/Src/cutter.o
                              0xbce45 (size before relaxing)
 .debug_str     0x000bcba0      0x65b ./Core/Src/gpio.o
                              0xb99ff (size before relaxing)
 .debug_str     0x000bd1fb      0x1fa ./Core/Src/main.o
                              0xb9df5 (size before relaxing)
 .debug_str     0x000bd3f5       0x2c ./Core/Src/stm32f4xx_hal_msp.o
                              0xb943a (size before relaxing)
 .debug_str     0x000bd421       0xe3 ./Core/Src/stm32f4xx_it.o
                              0xb93dc (size before relaxing)
 .debug_str     0x000bd504      0x4dc ./Core/Src/sysmem.o
                               0x60d3 (size before relaxing)
 .debug_str     0x000bd9e0       0xdb ./Core/Src/system_stm32f4xx.o
                              0xb92ae (size before relaxing)
 .debug_str     0x000bdabb      0x222 ./Core/Src/tim.o
                              0xb9ca9 (size before relaxing)
 .debug_str     0x000bdcdd       0x44 ./Core/Startup/startup_stm32f412vetx.o
                                 0x86 (size before relaxing)
 .debug_str     0x000bdd21      0x617 ./Drivers/STM32F4xx_HAL_Driver/Src/stm32f4xx_hal.o
                              0xb9e0c (size before relaxing)
 .debug_str     0x000be338      0x344 ./Drivers/STM32F4xx_HAL_Driver/Src/stm32f4xx_hal_cortex.o
                              0xb9b32 (size before relaxing)
 .debug_str     0x000be67c       0xd4 ./Drivers/STM32F4xx_HAL_Driver/Src/stm32f4xx_hal_gpio.o
                              0xb942f (size before relaxing)
 .debug_str     0x000be750      0x233 ./Drivers/STM32F4xx_HAL_Driver/Src/stm32f4xx_hal_rcc.o
                              0xb96e7 (size before relaxing)
 .debug_str     0x000be983      0x235 ./Drivers/STM32F4xx_HAL_Driver/Src/stm32f4xx_hal_rcc_ex.o
                              0xb95e7 (size before relaxing)
 .debug_str     0x000bebb8      0xd1c ./Drivers/STM32F4xx_HAL_Driver/Src/stm32f4xx_hal_tim.o
                              0xba614 (size before relaxing)
 .debug_str     0x000bf8d4      0x493 ./Drivers/STM32F4xx_HAL_Driver/Src/stm32f4xx_hal_tim_ex.o
                              0xb9e20 (size before relaxing)

.comment        0x00000000       0x43
 .comment       0x00000000       0x43 ./Core/Src/buttons.o
                                 0x44 (size before relaxing)
 .comment       0x00000043       0x44 ./Core/Src/cut_code.o
 .comment       0x00000043       0x44 ./Core/Src/cutter.o
 .comment       0x00000043       0x44 ./Core/Src/gpio.o
 .comment       0x00000043       0x44 ./Core/Src/main.o
 .comment       0x00000043       0x44 ./Core/Src/stm32f4xx_hal_msp.o
 .comment       0x00000043       0x44 ./Core/Src/stm32f4xx_it.o
 .comment       0x00000043       0x44 ./Core/Src/sysmem.o
 .comment       0x00000043       0x44 ./Core/Src/system_stm32f4xx.o
 .comment       0x00000043       0x44 ./Core/Src/tim.o
 .comment       0x00000043       0x44 ./Drivers/STM32F4xx_HAL_Driver/Src/stm32f4xx_hal.o
 .comment       0x00000043       0x44 ./Drivers/STM32F4xx_HAL_Driver/Src/stm32f4xx_hal_cortex.o
 .comment       0x00000043       0x44 ./Drivers/STM32F4xx_HAL_Driver/Src/stm32f4xx_hal_gpio.o
 .comment       0x00000043       0x44 ./Drivers/STM32F4xx_HAL_Driver/Src/stm32f4xx_hal_rcc.o
 .comment       0x00000043       0x44 ./Drivers/STM32F4xx_HAL_Driver/Src/stm32f4xx_hal_rcc_ex.o
 .comment       0x00000043       0x44 ./Drivers/STM32F4xx_HAL_Driver/Src/stm32f4xx_hal_tim.o
 .comment       0x00000043       0x44 ./Drivers/STM32F4xx_HAL_Driver/Src/stm32f4xx_hal_tim_ex.o

.debug_frame    0x00000000     0x2f04
 .debug_frame   0x00000000       0x7c ./Core/Src/buttons.o
 .debug_frame   0x0000007c      0x1c0 ./Core/Src/cutter.o
 .debug_frame   0x0000023c       0x34 ./Core/Src/gpio.o
 .debug_frame   0x00000270       0x8c ./Core/Src/main.o
 .debug_frame   0x000002fc       0x38 ./Core/Src/stm32f4xx_hal_msp.o
 .debug_frame   0x00000334      0x120 ./Core/Src/stm32f4xx_it.o
 .debug_frame   0x00000454       0x34 ./Core/Src/sysmem.o
 .debug_frame   0x00000488       0x58 ./Core/Src/system_stm32f4xx.o
 .debug_frame   0x000004e0      0x180 ./Core/Src/tim.o
 .debug_frame   0x00000660      0x374 ./Drivers/STM32F4xx_HAL_Driver/Src/stm32f4xx_hal.o
 .debug_frame   0x000009d4      0x4b8 ./Drivers/STM32F4xx_HAL_Driver/Src/stm32f4xx_hal_cortex.o
 .debug_frame   0x00000e8c      0x14c ./Drivers/STM32F4xx_HAL_Driver/Src/stm32f4xx_hal_gpio.o
 .debug_frame   0x00000fd8      0x1f4 ./Drivers/STM32F4xx_HAL_Driver/Src/stm32f4xx_hal_rcc.o
 .debug_frame   0x000011cc      0x16c ./Drivers/STM32F4xx_HAL_Driver/Src/stm32f4xx_hal_rcc_ex.o
 .debug_frame   0x00001338     0x11c0 ./Drivers/STM32F4xx_HAL_Driver/Src/stm32f4xx_hal_tim.o
 .debug_frame   0x000024f8      0x638 ./Drivers/STM32F4xx_HAL_Driver/Src/stm32f4xx_hal_tim_ex.o
 .debug_frame   0x00002b30       0x30 C:/ST/STM32CubeIDE_1.15.0/STM32CubeIDE/plugins/com.st.stm32cube.ide.mcu.externaltools.gnu-tools-for-stm32.12.3.rel1.win32_1.0.100.202403111256/tools/bin/../lib/gcc/arm-none-eabi/12.3.1/../../../../arm-none-eabi/lib/thumb/v7e-m+fp/hard\libc_nano.a(libc_a-malloc.o)
 .debug_frame   0x00002b60       0x50 C:/ST/STM32CubeIDE_1.15.0/STM32CubeIDE/plugins/com.st.stm32cube.ide.mcu.externaltools.gnu-tools-for-stm32.12.3.rel1.win32_1.0.100.202403111256/tools/bin/../lib/gcc/arm-none-eabi/12.3.1/../../../../arm-none-eabi/lib/thumb/v7e-m+fp/hard\libc_nano.a(libc_a-mallocr.o)
 .debug_frame   0x00002bb0       0x30 C:/ST/STM32CubeIDE_1.15.0/STM32CubeIDE/plugins/com.st.stm32cube.ide.mcu.externaltools.gnu-tools-for-stm32.12.3.rel1.win32_1.0.100.202403111256/tools/bin/../lib/gcc/arm-none-eabi/12.3.1/../../../../arm-none-eabi/lib/thumb/v7e-m+fp/hard\libc_nano.a(libc_a-mlock.o)
 .debug_frame   0x00002be0      0x144 C:/ST/STM32CubeIDE_1.15.0/STM32CubeIDE/plugins/com.st.stm32cube.ide.mcu.externaltools.gnu-tools-for-stm32.12.3.rel1.win32_1.0.100.202403111256/tools/bin/../lib/gcc/arm-none-eabi/12.3.1/../../../../arm-none-eabi/lib/thumb/v7e-m+fp/hard\libc_nano.a(libc_a-findfp.o)
 .debug_frame   0x00002d24       0x20 C:/ST/STM32CubeIDE_1.15.0/STM32CubeIDE/plugins/com.st.stm32cube.ide.mcu.externaltools.gnu-tools-for-stm32.12.3.rel1.win32_1.0.100.202403111256/tools/bin/../lib/gcc/arm-none-eabi/12.3.1/../../../../arm-none-eabi/lib/thumb/v7e-m+fp/hard\libc_nano.a(libc_a-memset.o)
 .debug_frame   0x00002d44       0x38 C:/ST/STM32CubeIDE_1.15.0/STM32CubeIDE/plugins/com.st.stm32cube.ide.mcu.externaltools.gnu-tools-for-stm32.12.3.rel1.win32_1.0.100.202403111256/tools/bin/../lib/gcc/arm-none-eabi/12.3.1/../../../../arm-none-eabi/lib/thumb/v7e-m+fp/hard\libc_nano.a(libc_a-reent.o)
 .debug_frame   0x00002d7c       0x2c C:/ST/STM32CubeIDE_1.15.0/STM32CubeIDE/plugins/com.st.stm32cube.ide.mcu.externaltools.gnu-tools-for-stm32.12.3.rel1.win32_1.0.100.202403111256/tools/bin/../lib/gcc/arm-none-eabi/12.3.1/../../../../arm-none-eabi/lib/thumb/v7e-m+fp/hard\libc_nano.a(libc_a-sbrkr.o)
 .debug_frame   0x00002da8       0x20 C:/ST/STM32CubeIDE_1.15.0/STM32CubeIDE/plugins/com.st.stm32cube.ide.mcu.externaltools.gnu-tools-for-stm32.12.3.rel1.win32_1.0.100.202403111256/tools/bin/../lib/gcc/arm-none-eabi/12.3.1/../../../../arm-none-eabi/lib/thumb/v7e-m+fp/hard\libc_nano.a(libc_a-errno.o)
 .debug_frame   0x00002dc8       0x2c C:/ST/STM32CubeIDE_1.15.0/STM32CubeIDE/plugins/com.st.stm32cube.ide.mcu.externaltools.gnu-tools-for-stm32.12.3.rel1.win32_1.0.100.202403111256/tools/bin/../lib/gcc/arm-none-eabi/12.3.1/../../../../arm-none-eabi/lib/thumb/v7e-m+fp/hard\libc_nano.a(libc_a-init.o)
 .debug_frame   0x00002df4       0xb0 C:/ST/STM32CubeIDE_1.15.0/STM32CubeIDE/plugins/com.st.stm32cube.ide.mcu.externaltools.gnu-tools-for-stm32.12.3.rel1.win32_1.0.100.202403111256/tools/bin/../lib/gcc/arm-none-eabi/12.3.1/../../../../arm-none-eabi/lib/thumb/v7e-m+fp/hard\libc_nano.a(libc_a-lock.o)
 .debug_frame   0x00002ea4       0x2c C:/ST/STM32CubeIDE_1.15.0/STM32CubeIDE/plugins/com.st.stm32cube.ide.mcu.externaltools.gnu-tools-for-stm32.12.3.rel1.win32_1.0.100.202403111256/tools/bin/../lib/gcc/arm-none-eabi/12.3.1/thumb/v7e-m+fp/hard\libgcc.a(_aeabi_uldivmod.o)
 .debug_frame   0x00002ed0       0x34 C:/ST/STM32CubeIDE_1.15.0/STM32CubeIDE/plugins/com.st.stm32cube.ide.mcu.externaltools.gnu-tools-for-stm32.12.3.rel1.win32_1.0.100.202403111256/tools/bin/../lib/gcc/arm-none-eabi/12.3.1/thumb/v7e-m+fp/hard\libgcc.a(_udivmoddi4.o)

.debug_line_str
                0x00000000       0x6a
 .debug_line_str
                0x00000000       0x6a ./Core/Startup/startup_stm32f412vetx.o
