../Core/Src/tim.c:34:6:MX_TIM2_Init	32	static
../Core/Src/tim.c:74:6:MX_TIM3_Init	32	static
../Core/Src/tim.c:114:6:MX_TIM4_Init	32	static
../Core/Src/tim.c:154:6:MX_TIM5_Init	48	static
../Core/Src/tim.c:198:6:MX_TIM7_Init	8	static
../Core/Src/tim.c:223:6:HAL_TIM_Base_MspInit	32	static
../Core/Src/tim.c:288:6:HAL_TIM_PWM_MspInit	24	static
../Core/Src/tim.c:303:6:HAL_TIM_MspPostInit	40	static
../Core/Src/tim.c:331:6:HAL_TIM_Base_MspDeInit	16	static
../Core/Src/tim.c:392:6:HAL_TIM_PWM_MspDeInit	16	static
